🧪 슈퍼플레이스 API 통합 테스트 시작
=============================================
Time: Wed Feb 18 03:35:45 UTC 2026
Base URL: https://superplacestudy.pages.dev
=============================================

📍 1. 로그인 시스템 테스트
=============================================
1-1. 슈퍼 관리자 로그인
[0;31m❌ FAIL[0m - 로그인 실패

